{
    "amp_macrel_sample_2": {
        "content": [
            "sample_2_log.txt:md5,d41d8cd98f00b204e9800998ecf8427e",
            "README.md:md5,fa3706dfc95d0538a52c4d0d824be5fb"
        ],
        "timestamp": "2023-11-21T09:45:31.855412251"
    },
    "arg_hamronization": {
        "content": [
            [
                "sample_1.txt.abricate.json:md5,6607ea5eafa36a435d955411228d6c9a",
                "sample_2.txt.abricate.json:md5,248ede666c7d658b2ff1b11c7aa05215"
            ],
            [
                "sample_1.tsv.amrfinderplus.json:md5,2276b9280cf4d976bbf3417f7f3cf6cd",
                "sample_2.tsv.amrfinderplus.json:md5,1abe9f30fd9856f66bab8afc01ac3640"
            ],
            [
                "sample_1.mapping.ARG.deeparg.json:md5,3e121cf393335459885747c6c7909234",
                "sample_1.mapping.potential.ARG.deeparg.json:md5,d165e53b2d51394a14d19931409683d2",
                "sample_2.mapping.ARG.deeparg.json:md5,66c75c4d290204221875990610a8aa0a",
                "sample_2.mapping.potential.ARG.deeparg.json:md5,4aeda476f4012b396e324a191bc82799"
            ],
            [
                "sample_1_retrieved-genes-class_A-hmmsearched.out.fargene.json:md5,fa57ddf8c4d0e97311cfbc26c4cb32da",
                "sample_1_retrieved-genes-class_B_1_2-hmmsearched.out.fargene.json:md5,b22f390f828304a415b63142aba49294",
                "sample_1_wastewater_metagenome_contigs_1-class_A-hmmsearched.out.fargene.json:md5,8047786642b915f31a9c08cdbe2f4c63",
                "sample_1_wastewater_metagenome_contigs_1-class_B_1_2-hmmsearched.out.fargene.json:md5,910211226915539ded39f4d3b06b7b5c",
                "sample_2_retrieved-genes-class_A-hmmsearched.out.fargene.json:md5,3cbbca609957a85e4af8199c31efc996",
                "sample_2_retrieved-genes-class_B_1_2-hmmsearched.out.fargene.json:md5,e0a9f9a1ee104898caaa2fd587419c3d",
                "sample_2_wastewater_metagenome_contigs_2-class_A-hmmsearched.out.fargene.json:md5,b56cbf8a78ab7586259064731486f466",
                "sample_2_wastewater_metagenome_contigs_2-class_B_1_2-hmmsearched.out.fargene.json:md5,4563066087d2cc327e1fb95ec844de1a"
            ],
            [
                "sample_1.txt.rgi.json:md5,f41cdb118ab149bcce443bbde8badc48",
                "sample_2.txt.rgi.json:md5,604620d2d22b2b18f6208247daf6928c"
            ]
        ],
        "timestamp": "2023-11-21T09:45:32.142194364"
    },
    "amp_macrel_sample_1": {
        "content": [
            "sample_1_log.txt:md5,d41d8cd98f00b204e9800998ecf8427e",
            "README.md:md5,fa3706dfc95d0538a52c4d0d824be5fb"
        ],
        "timestamp": "2023-11-21T09:45:31.835806826"
    },
    "arg_deeparg": {
        "content": [
            "sample_1.align.daa.tsv:md5,29c8e67804629fe24f18c63d309729ae",
            "sample_1.mapping.ARG:md5,cf2c0d2db13bc56de1f525ab437d0522",
            "sample_1.mapping.potential.ARG:md5,d619b37affc093e9b525e2f907b96dd0",
            "sample_2.align.daa.tsv:md5,87cabbf8772db652640ebd0d14067f29",
            "sample_2.mapping.ARG:md5,608e35e8ecc70061c6053606057fc4bf",
            "sample_2.mapping.potential.ARG:md5,45ddd21438e40115eabb05d32da5da72"
        ],
        "timestamp": "2023-11-21T09:45:31.939692086"
    },
    "software_versions": {
        "content": [
            "{ABRICATE_RUN={abricate=1.0.1}, AMPIR={ampir=1.1.0}, AMPLIFY_PREDICT={AMPlify=1.1.0}, AMP_HMMER_HMMSEARCH={hmmer=3.3.2}, AMRFINDERPLUS_RUN={amrfinderplus=3.11.18, amrfinderplus-database=2023-11-15.1}, AMRFINDERPLUS_UPDATE={amrfinderplus=3.11.18}, ANTISMASH_ANTISMASHLITE={antismash-lite=6.1.1}, ANTISMASH_ANTISMASHLITEDOWNLOADDATABASES={antismash-lite=6.1.1}, BGC_HMMER_HMMSEARCH={hmmer=3.3.2}, BIOAWK={bioawk=1.0}, CUSTOM_DUMPSOFTWAREVERSIONS={python=3.12.0, yaml=6.0.1}, DEEPARG_PREDICT={deeparg=1.0.2}, DEEPBGC_DOWNLOAD={deepbgc=0.1.30}, DEEPBGC_PIPELINE={deepbgc=0.1.30, prodigal=2.6.3}, FARGENE={fargene=0.1}, GECCO_RUN={gecco=0.9.8}, GUNZIP_FASTA_PREP={gunzip=1.10}, GUNZIP_MACREL_ORFS={gunzip=1.10}, GUNZIP_MACREL_PRED={gunzip=1.10}, HAMRONIZATION_ABRICATE={hamronization=1.1.1}, HAMRONIZATION_AMRFINDERPLUS={hamronization=1.1.1}, HAMRONIZATION_DEEPARG={hamronization=1.1.1}, HAMRONIZATION_FARGENE={hamronization=1.1.1}, HAMRONIZATION_RGI={hamronization=1.1.1}, HAMRONIZATION_SUMMARIZE={hamronization=1.1.1}, MACREL_CONTIGS={macrel=1.2.0}, PRODIGAL_GFF={pigz=2.6, prodigal=2.6.3}, RGI_MAIN={rgi=5.2.1, rgi-database=3.1.4}, UNTAR_CSS={untar=1.30}, UNTAR_DETECTION={untar=1.30}, UNTAR_MODULES={untar=1.30}, Workflow={nf-core/funcscan=1.1.5dev}}"
        ],
        "timestamp": "2023-11-21T09:45:31.773299203"
    },
    "bgc_antismash_css": {
        "content": [
            "bacteria.css:md5,d9c34889e2a676442ad5301d88b1b425"
        ],
        "timestamp": "2023-11-21T09:45:31.96303293"
    },
    "summary_hamronization": {
        "content": [
            "hamronization_combined_report.tsv:md5,2403ad90f8dda901e1e7ed6b54bc8e56"
        ],
        "timestamp": "2023-11-21T09:45:32.321938912"
    },
    "arg_fargene": {
        "content": [
            "wastewater_metagenome_contigs_1-class_A-filtered-peptides.fasta:md5,0900b2ee4a2e1d5c36192532dd4a606b",
            "wastewater_metagenome_contigs_1-class_A-filtered.fasta:md5,9fe97d66263db17ab0233ca1203f1f5f",
            "results_summary.txt:md5,2c8a073d2a7938e8aedcc097e6df2aa5",
            "wastewater_metagenome_contigs_1-class_B_1_2-filtered-peptides.fasta:md5,20d374cae60e71b1195f7a2f1457f589",
            "wastewater_metagenome_contigs_1-class_B_1_2-filtered.fasta:md5,a3d620826a68ebb11fbfc428517b504a",
            "results_summary.txt:md5,59f2e69c670d72f0c0a401e0dc90cbeb",
            "wastewater_metagenome_contigs_2-class_A-filtered-peptides.fasta:md5,d4d937f9bbe507d2d644c70b6f24c487",
            "wastewater_metagenome_contigs_2-class_A-filtered.fasta:md5,aa29ac21de3d5d88339f7a06e24dea50",
            "results_summary.txt:md5,3b86a5513e89e22a4c8b9279678ce0c0",
            "wastewater_metagenome_contigs_2-class_B_1_2-filtered-peptides.fasta:md5,36e70d255bfd9d0ad46ac08b0ee4b0b6",
            "wastewater_metagenome_contigs_2-class_B_1_2-filtered.fasta:md5,8b1240dc4240a45e9e9dff6b12e24941",
            "results_summary.txt:md5,59f2e69c670d72f0c0a401e0dc90cbeb"
        ],
        "timestamp": "2023-11-21T09:45:31.917312959"
    },
    "bgc_deepbgc": {
        "content": [
            "README.txt:md5,f3be0a1ed506ad388681952ae7c7fc85",
            "wastewater_metagenome_contigs_1.bgc.gbk:md5,d7d056fd4111cf4c06a72d8442c2f9a2",
            "wastewater_metagenome_contigs_1.pfam.tsv:md5,bd2abc3abee4638e5c8e7289fa09b2df",
            "wastewater_metagenome_contigs_1.bgc.png:md5,61287b7c9dca86a613539b0d2e91e712",
            "wastewater_metagenome_contigs_1.score.png:md5,d3e8677352f12e0d75d60a6abcc2b5f5",
            "README.txt:md5,c4b0bdec4d97da921a9f4ad29659e793",
            "wastewater_metagenome_contigs_2.bgc.gbk:md5,9cf9de023a24aba7ae1751d114dfa440",
            "wastewater_metagenome_contigs_2.pfam.tsv:md5,a9be30ba0be0ea282265f6a4ff4a5157",
            "wastewater_metagenome_contigs_2.bgc.png:md5,61287b7c9dca86a613539b0d2e91e712",
            "wastewater_metagenome_contigs_2.score.png:md5,d3e8677352f12e0d75d60a6abcc2b5f5"
        ],
        "timestamp": "2023-11-21T09:45:32.021749081"
    },
    "bgc_gecco": {
        "content": [
            "wastewater_metagenome_contigs_1.clusters.tsv:md5,200bc03c02230d654fbec61c7ca00ff7",
            "wastewater_metagenome_contigs_1.features.tsv:md5,a9d16920b1485afc8913d28eb56567b2",
            "wastewater_metagenome_contigs_1.genes.tsv:md5,7184907900039cde515d68bfbf7e7b36",
            "wastewater_metagenome_contigs_2.clusters.tsv:md5,cface6ef49a161f5398b557475cbc37b",
            "wastewater_metagenome_contigs_2.features.tsv:md5,db7fe68b0f94db2b9f7abb0e6e5f2dba",
            "wastewater_metagenome_contigs_2.genes.tsv:md5,efc3382586469d52ece895b79f42a4c8"
        ],
        "timestamp": "2023-11-21T09:45:32.079371579"
    },
    "amp_ampir": {
        "content": [
            [
                "sample_1.ampir.faa:md5,6ba608402fe88c6c630ea3404f6af3a4",
                "sample_1.ampir.tsv:md5,2b79534f61bd210b1df80320ca1a861e"
            ],
            [
                "sample_2.ampir.faa:md5,c7efd0d9b54a6c6acd56a66d65c4599d",
                "sample_2.ampir.tsv:md5,2dbbf8b83bba7703aefbdb43515c8896"
            ]
        ],
        "timestamp": "2023-11-21T09:45:31.781548683"
    },
    "arg_abricate": {
        "content": [
            [
                "sample_1.txt:md5,427cec26e354ac6b0ab6047ec6621202"
            ],
            [
                "sample_2.txt:md5,4c140c932a48a22bcd8ae911bda8f4c7"
            ]
        ],
        "timestamp": "2023-11-21T09:45:31.875201213"
    },
    "arg_amrfinderplus": {
        "content": [
            [
                "sample_1.tsv:md5,29cfb6f34f420d802eda95c6d9daa361"
            ],
            [
                "sample_2.tsv:md5,d9b6565167d603a1f07cff2374db8eb2"
            ]
        ],
        "timestamp": "2023-11-21T09:45:31.896298808"
    },
    "bgc_antismash_images": {
        "content": [
            "about.svg:md5,2573f954dd506e2d0878daed04f5420a",
            "bacteria_about.png:md5,99cdc2aa09aee37553b10ca86b172170",
            "bacteria_antismash_icon.svg:md5,23a265b0e1cf293a4743fe13030b636f",
            "bacteria_antismash_logo.svg:md5,f80f639969ee6506571ffda2e197df93",
            "bacteria_antismash_white.svg:md5,2c9da15cc168d8f796269d037b5e7f60",
            "bacteria_download.png:md5,c3428df1cf17cb97e2897ca6daa93d48",
            "bacteria_help.png:md5,359b68f90c73208eb389759c0f5c1091",
            "bacteria_home.png:md5,6595d97ee49d251fe038207f82012eff",
            "bacteria_logo.png:md5,013f84d6dd93cde96f07084ff63d855c",
            "contact.svg:md5,53b878c2af4f8a80a647ac30f61e6bf6",
            "download.svg:md5,722038156f4ece46747cbf6908501974",
            "expand-arrows-alt-solid.svg:md5,21b37749f54320135a455ed266a7fc3a",
            "external-link-alt-solid.svg:md5,ca337694c74e57f73d15ca9db30081ba",
            "fungi_about.png:md5,4d55bf14df0340dca01a286487fa8448",
            "fungi_antismash_icon.svg:md5,2acc19cc91d5d7285a72f0b3912e108a",
            "fungi_antismash_icon_white.svg:md5,961f1c41e25036a625f115f209a961c7",
            "fungi_antismash_logo.svg:md5,36560983a36f46786c98a05125b15724",
            "fungi_download.png:md5,782580852674aab0b69b2b94a94c7615",
            "fungi_help.png:md5,0ac06748f3177d150ab90997117c4f64",
            "fungi_home.png:md5,880071898062d6dafe989ac73bb7bbea",
            "fungi_logo.png:md5,29294392a3953fd1ba12d1a39cebaeeb",
            "help.svg:md5,e7565a3cd74893422f2886a0af748df2",
            "mail.png:md5,049f51233b29663e4e4e4c8097c2d096",
            "minus-circle.svg:md5,b523305570d06b6e34cd7099bed22015",
            "nostructure_icon.png:md5,fc982a5b84a1a99db607731625a87f88",
            "plant_antismash_icon.svg:md5,e031de9570ef2809e52502481a5e77ea",
            "plant_antismash_icon_white.svg:md5,10d25996b023dbdaed4a382471ab4877",
            "plus-circle.svg:md5,cba2cdd9ef893274f572228b354718cf",
            "question-circle-solid.svg:md5,6dbc83547e29ecedc7f2a5b81354353b",
            "search-solid.svg:md5,aeab848c26357f3d120f3e58f1efa8f5"
        ],
        "timestamp": "2023-11-21T09:45:31.98875523"
    },
    "multiqc": {
        "content": [
            "multiqc_citations.txt:md5,4c806e63a283ec1b7e78cdae3a923d4f",
            "multiqc_sources.txt:md5,d2a044df39ce3c6abe5cdc2d67473490"
        ],
        "timestamp": "2023-11-21T09:45:32.230506321"
    },
    "amp_amplify": {
        "content": [
            [
                "sample_1.tsv:md5,ceb5a6b25a41b4e46b1e1f3c8932f01b"
            ],
            [
                "sample_2.tsv:md5,071c6e2d2365d828c583fc14be5da724"
            ]
        ],
        "timestamp": "2023-11-21T09:45:31.810669819"
    }
}